main.c:64:6:HAL_UART_TxCpltCallback	16	static
main.c:73:6:HAL_UART_RxCpltCallback	16	static
main.c:129:6:HAL_GPIO_EXTI_Callback	16	static
main.c:138:6:Set_LED	24	static
main.c:150:6:WS2812_Send	32	static
main.c:186:6:clearLEDData	16	static
main.c:194:6:setAllLED	32	static
main.c:202:6:blinkLED	24	static
main.c:215:6:cometLED	32	static
main.c:260:6:slideLED	24	static
main.c:282:6:glowInitLED	24	static
main.c:293:6:glowLED	24	static
main.c:316:6:soc	40	static
main.c:333:6:wave	40	static
main.c:403:6:HAL_TIM_PWM_PulseFinishedCallback	16	static
main.c:414:5:main	32	static
main.c:551:6:SystemClock_Config	88	static
main.c:596:13:MX_TIM1_Init	80	static
main.c:661:13:MX_USART1_UART_Init	8	static
main.c:694:13:MX_USART2_UART_Init	8	static
main.c:725:13:MX_DMA_Init	16	static
main.c:743:13:MX_GPIO_Init	40	static
main.c:782:6:Error_Handler	4	static,ignoring_inline_asm
